<html>
<body>
<pre>
<h1>µVision Build Log</h1>
<h2>Tool Versions:</h2>
IDE-Version: ¦ÌVision V5.13.0.0
Copyright (C) 2014 ARM Ltd and ARM Germany GmbH. All rights reserved.
License Information: 11 AutoBVT, Microsoft, LIC=14HKP-MJ5A0-LCEJF-6TGHE-PC1L3-8NJM8
 
Tool Versions:
Toolchain:       MDK-ARM Standard  Version: 5.13.0.0
Toolchain Path:  D:\keil_v5\ARM\ARMCC\Bin
C Compiler:      Armcc.exe V5.05 update 1 (build 106)
Assembler:       Armasm.exe V5.05 update 1 (build 106)
Linker/Locator:  ArmLink.exe V5.05 update 1 (build 106)
Library Manager: ArmAr.exe V5.05 update 1 (build 106)
Hex Converter:   FromElf.exe V5.05 update 1 (build 106)
CPU DLL:         SARMCM3.DLL V5.13.0.0
Dialog DLL:      DCM.DLL V1.13.1.0
Target DLL:      UL2CM3.DLL V1.154.12.0
Dialog DLL:      TCM.DLL V1.14.4.0
 
<h2>Project:</h2>
E:\RT_Program\ESP8266\Project\RT-4.uvprojx
Project File Date:  06/29/2019

<h2>Output:</h2>
Rebuild target 'Target 1'
assembling startup_stm32f10x_hd.s...
compiling core_cm3.c...
compiling system_stm32f10x.c...
compiling misc.c...
compiling stm32f10x_adc.c...
compiling stm32f10x_bkp.c...
compiling stm32f10x_can.c...
compiling stm32f10x_cec.c...
compiling stm32f10x_crc.c...
compiling stm32f10x_dac.c...
compiling stm32f10x_dbgmcu.c...
compiling stm32f10x_dma.c...
compiling stm32f10x_exti.c...
compiling stm32f10x_flash.c...
compiling stm32f10x_fsmc.c...
compiling stm32f10x_gpio.c...
compiling stm32f10x_i2c.c...
compiling stm32f10x_iwdg.c...
compiling stm32f10x_pwr.c...
compiling stm32f10x_rcc.c...
compiling stm32f10x_rtc.c...
compiling stm32f10x_sdio.c...
compiling stm32f10x_spi.c...
compiling stm32f10x_tim.c...
compiling stm32f10x_usart.c...
compiling stm32f10x_wwdg.c...
compiling main.c...
..\User\systick\bsp_systick.h(12): warning:  #1-D: last line of file ends without a newline
  #endif
..\User\main.c: 1 warning, 0 errors
compiling stm32f10x_it.c...
compiling bsp_usart.c...
compiling bsp_dht11.c...
..\User\systick\bsp_systick.h(12): warning:  #1-D: last line of file ends without a newline
  #endif
..\User\dht11\bsp_dht11.c(112): warning:  #1-D: last line of file ends without a newline
  }
..\User\dht11\bsp_dht11.c: 2 warnings, 0 errors
compiling bsp_systick.c...
..\User\systick\bsp_systick.h(12): warning:  #1-D: last line of file ends without a newline
  #endif
..\User\systick\bsp_systick.c(36): warning:  #1-D: last line of file ends without a newline
  }
..\User\systick\bsp_systick.c: 2 warnings, 0 errors
linking...
Program Size: Code=2676 RO-data=336 RW-data=48 ZI-data=1024  
FromELF: creating hex file...
"..\Output\RT-4.axf" - 0 Error(s), 5 Warning(s).

<h2>Collection of Component include folders:</h2>
  E:\RT_Program\ESP8266\Project\RTE
  D:\keil_v5\ARM\PACK\Keil\STM32F1xx_DFP\2.1.0

<h2>Collection of Component Files used:</h2>
</pre>
</body>
</html>
